[上下左右基础小飞机、左1]
pos = 50
x = -50
y = -10
model = 31
num = 1
waitPrev = false
delay = 0.0
action = run253
- end -

[上下左右基础小飞机、左1]
pos = 50
x = -50
y = 110
model = 31
num = 1
waitPrev = false
delay = 0.0
action = run253
- end -

[上下左右基础小飞机、左2]
pos = 50
x = 30
y = -10
model = 31
num = 1
waitPrev = false
delay = 0.0
action = run254
- end -

[上下左右基础小飞机、左2]
pos = 50
x = 30
y = 110
model = 31
num = 1
waitPrev = false
delay = 0.0
action = run254
- end -

[上下左右基础小飞机、右1]
pos = 50
x = 530
y = -10
model = 31
num = 1
waitPrev = false
delay = 0
action = run255
- end -

[上下左右基础小飞机、右1]
pos = 50
x = 530
y = 110
model = 31
num = 1
waitPrev = false
delay = 0
action = run255
- end -

[上下左右基础小飞机、右2]
pos = 50
x = 450
y = -10
model = 31
num = 1
waitPrev = false
delay = 0
action = run256
- end -

[上下左右基础小飞机、右2]
pos = 50
x = 450
y = 110
model = 31
num = 1
waitPrev = false
delay = 0
action = run256
- end -

[上下左右基础小飞机、中1、武器升级]
pos = 50
x = 200
y = -250
model = 32
num = 1
waitPrev = false
delay = 0
action = run257
- end -

[上下左右基础小飞机、中1、武器升级]
pos = 50
x = 280
y = -250
model = 32
num = 1
waitPrev = false
delay = 0
action = run258
- end -

[从右往左斜出小飞机]
pos = 270
x = 545
y = -3
model = 33
num = 5
waitPrev = true
delay = 0.0
action = run12
offX = 80
offY = 10
waitTime = 0.5
- end -

[从左往右斜出小飞机]
pos = 220
x = -20
y = -5
model = 33
num = 5
waitPrev = true
delay = 0.0
action = run10
offX = -80
offY = 10
waitTime = 0.5
- end -

[至上而下精英机]
pos = 100
x = 80
y = -40
model = 38
num = 1
waitPrev = true
delay = 0.0
action = run259
- end -

[至上而下精英机]
pos = 100
x = 240
y = -40
model = 38
num = 1
waitPrev = false
delay = 0.0
action = run259
- end -

[至上而下精英机]
pos = 100
x = 400
y = -40
model = 38
num = 1
waitPrev = false
delay = 0.0
action = run259
- end -

[至上而下特色小飞机、田]
pos = 110
x = 120
y = -20
model = 2
num = 1
waitPrev = true
delay = 0
action = run235
- end -

[至上而下特色小飞机、田]
pos = 110
x = 180
y = -20
model = 2
num = 1
waitPrev = false
delay = 0
action = run235
- end -

[至上而下特色小飞机、田]
pos = 110
x = 120
y = -20
model = 2
num = 1
waitPrev = false
delay = 0.5
action = run235
- end -

[至上而下特色小飞机、田]
pos = 110
x = 180
y = -20
model = 2
num = 1
waitPrev = false
delay = 0.5
action = run235
- end -

[至上而下特色小飞机、L]
pos = 110
x = 260
y = -20
model = 2
num = 1
waitPrev = false
delay = 1
action = run235
- end -

[至上而下特色小飞机、L]
pos = 110
x = 320
y = -20
model = 2
num = 1
waitPrev = false
delay = 1
action = run235
- end -

[至上而下特色小飞机、L]
pos = 110
x = 260
y = -20
model = 2
num = 1
waitPrev = false
delay = 1.5
action = run235
- end -

[至上而下特色小飞机、L]
pos = 110
x = 260
y = -20
model = 2
num = 1
waitPrev = false
delay = 2
action = run235
- end -

[至上而下特色小飞机、Z]
pos = 110
x = 370
y = -20
model = 4
num = 1
waitPrev = false
delay = 3
action = run235
- end -

[至上而下特色小飞机、Z]
pos = 110
x = 430
y = -20
model = 4
num = 1
waitPrev = false
delay = 3
action = run235
- end -

[至上而下特色小飞机、Z]
pos = 110
x = 370
y = -20
model = 4
num = 1
waitPrev = false
delay = 3.5
action = run235
- end -

[至上而下特色小飞机、Z]
pos = 110
x = 310
y = -20
model = 4
num = 1
waitPrev = false
delay = 3.5
action = run235
- end -

[至上而下特色小飞机、⊥]
pos = 110
x = 150
y = -20
model = 5
num = 1
waitPrev = false
delay = 5
action = run235
- end -

[至上而下特色小飞机、⊥]
pos = 110
x = 210
y = -20
model = 5
num = 1
waitPrev = false
delay = 5
action = run235
- end -

[至上而下特色小飞机、⊥]
pos = 110
x = 270
y = -20
model = 5
num = 1
waitPrev = false
delay = 5
action = run235
- end -

[至上而下特色小飞机、⊥]
pos = 110
x = 210
y = -20
model = 5
num = 1
waitPrev = false
delay = 5.5
action = run235
- end -

[至上而下特色小飞机、卧L]
pos = 110
x = 320
y = -20
model = 7
num = 1
waitPrev = false
delay = 6.5
action = run235
- end -

[至上而下特色小飞机、卧L]
pos = 110
x = 320
y = -20
model = 7
num = 1
waitPrev = false
delay = 7
action = run235
- end -

[至上而下特色小飞机、卧L]
pos = 110
x = 380
y = -20
model = 7
num = 1
waitPrev = false
delay = 6.5
action = run235
- end -

[至上而下特色小飞机、卧L]
pos = 110
x = 440
y = -20
model = 7
num = 1
waitPrev = false
delay = 6.5
action = run235
- end -

[从右往左斜出小飞机]
pos = 270
x = 545
y = -3
model = 33
num = 4
waitPrev = true
delay = 0.0
action = run12
offX = 80
offY = 10
waitTime = 0.5
- end -

[从右往左斜出小飞机、武器升级]
pos = 280
x = 875
y = -5
model = 37
num = 1
waitPrev = false
delay = 2.0
action = run12
- end -

[至上而下基础小飞机、武器升级]
pos = 100
x = 240
y = -37
model = 41
num = 1
waitPrev = true
delay = 0.0
action = run235
- end -

[至上而下基础小飞机]
pos = 110
x = 260
y = -37
model = 42
num = 1
waitPrev = false
delay = 0.5
action = run235
- end -

[至上而下基础小飞机]
pos = 110
x = 220
y = -37
model = 42
num = 1
waitPrev = false
delay = 0.5
action = run235
- end -

[至上而下基础小飞机]
pos = 110
x = 320
y = -37
model = 42
num = 1
waitPrev = false
delay = 1
action = run235
- end -

[至上而下基础小飞机]
pos = 110
x = 160
y = -37
model = 42
num = 1
waitPrev = false
delay = 1
action = run235
- end -

[至上而下基础小飞机]
pos = 110
x = 380
y = -37
model = 42
num = 1
waitPrev = false
delay = 1.5
action = run235
- end -

[至上而下基础小飞机]
pos = 110
x = 100
y = -37
model = 42
num = 1
waitPrev = false
delay = 1.5
action = run235
- end -

[至上而下基础小飞机]
pos = 110
x = 260
y = -37
model = 42
num = 1
waitPrev = false
delay = 2.5
action = run235
- end -

[至上而下基础小飞机]
pos = 110
x = 220
y = -37
model = 42
num = 1
waitPrev = false
delay = 2.5
action = run235
- end -

[至上而下基础小飞机]
pos = 110
x = 320
y = -37
model = 42
num = 1
waitPrev = false
delay = 3
action = run235
- end -

[至上而下基础小飞机]
pos = 110
x = 160
y = -37
model = 42
num = 1
waitPrev = false
delay = 3
action = run235
- end -

[至上而下基础小飞机]
pos = 110
x = 380
y = -37
model = 42
num = 1
waitPrev = false
delay = 3.5
action = run235
- end -

[特色小飞机组合左蓝1]
pos = 50
x = -45
y = -10
model = 47
num = 1
waitPrev = true
delay = 0.0
action = run266
- end -

[特色小飞机组合左蓝1]
pos = 50
x = 35
y = -10
model = 47
num = 1
waitPrev = false
delay = 0.0
action = run266
- end -

[特色小飞机组合右蓝1]
pos = 50
x = 445
y = -70
model = 47
num = 1
waitPrev = false
delay = 0
action = run267
- end -

[特色小飞机组合右蓝1]
pos = 50
x = 525
y = -70
model = 47
num = 1
waitPrev = false
delay = 0
action = run267
- end -

[特色小飞机组合左黄2]
pos = 50
x = -45
y = -70
model = 46
num = 1
waitPrev = false
delay = 0.75
action = run266
- end -

[特色小飞机组合左黄2]
pos = 50
x = 35
y = -70
model = 46
num = 1
waitPrev = false
delay = 0.75
action = run266
- end -

[特色小飞机组合右黄2]
pos = 50
x = 445
y = -10
model = 46
num = 1
waitPrev = false
delay = 0.75
action = run267
- end -

[特色小飞机组合右黄2]
pos = 50
x = 525
y = -10
model = 46
num = 1
waitPrev = false
delay = 0.75
action = run267
- end -

[特色小飞机组合中红3]
pos = 50
x = 200
y = -250
model = 45
num = 1
waitPrev = false
delay = 1
action = run260
- end -

[特色小飞机组合中红3]
pos = 50
x = 280
y = -250
model = 45
num = 1
waitPrev = false
delay = 1
action = run261
- end -

[特色小飞机组合中红4]
pos = 50
x = 200
y = -250
model = 45
num = 1
waitPrev = false
delay = 1.5
action = run262
- end -

[特色小飞机组合中红4]
pos = 50
x = 280
y = -250
model = 45
num = 1
waitPrev = false
delay = 1.5
action = run263
- end -

[特色小飞机组合中红5]
pos = 50
x = 200
y = -250
model = 45
num = 1
waitPrev = false
delay = 2
action = run264
- end -

[特色小飞机组合中红5]
pos = 50
x = 280
y = -250
model = 45
num = 1
waitPrev = false
delay = 2
action = run265
- end -

[至上而下特色小飞机、田]
pos = 110
x = 120
y = -20
model = 2
num = 1
waitPrev = true
delay = 0
action = run235
- end -

[至上而下特色小飞机、田]
pos = 110
x = 180
y = -20
model = 2
num = 1
waitPrev = false
delay = 0
action = run235
- end -

[至上而下特色小飞机、田]
pos = 110
x = 120
y = -20
model = 2
num = 1
waitPrev = false
delay = 0.5
action = run235
- end -

[至上而下特色小飞机、田]
pos = 110
x = 180
y = -20
model = 2
num = 1
waitPrev = false
delay = 0.5
action = run235
- end -

[至上而下特色小飞机、L]
pos = 110
x = 260
y = -20
model = 2
num = 1
waitPrev = false
delay = 1
action = run235
- end -

[至上而下特色小飞机、L]
pos = 110
x = 320
y = -20
model = 2
num = 1
waitPrev = false
delay = 1
action = run235
- end -

[至上而下特色小飞机、L]
pos = 110
x = 260
y = -20
model = 2
num = 1
waitPrev = false
delay = 1.5
action = run235
- end -

[至上而下特色小飞机、L]
pos = 110
x = 260
y = -20
model = 2
num = 1
waitPrev = false
delay = 2
action = run235
- end -

[至上而下特色小飞机、Z]
pos = 110
x = 370
y = -20
model = 4
num = 1
waitPrev = false
delay = 3
action = run235
- end -

[至上而下特色小飞机、Z]
pos = 110
x = 430
y = -20
model = 4
num = 1
waitPrev = false
delay = 3
action = run235
- end -

[至上而下特色小飞机、Z]
pos = 110
x = 370
y = -20
model = 4
num = 1
waitPrev = false
delay = 3.5
action = run235
- end -

[至上而下特色小飞机、Z]
pos = 110
x = 310
y = -20
model = 4
num = 1
waitPrev = false
delay = 3.5
action = run235
- end -

[至上而下特色小飞机、⊥]
pos = 110
x = 150
y = -20
model = 5
num = 1
waitPrev = false
delay = 5
action = run235
- end -

[至上而下特色小飞机、⊥]
pos = 110
x = 210
y = -20
model = 5
num = 1
waitPrev = false
delay = 5
action = run235
- end -

[至上而下特色小飞机、⊥]
pos = 110
x = 270
y = -20
model = 5
num = 1
waitPrev = false
delay = 5
action = run235
- end -

[至上而下特色小飞机、⊥]
pos = 110
x = 210
y = -20
model = 5
num = 1
waitPrev = false
delay = 5.5
action = run235
- end -

[至上而下特色小飞机、卧L]
pos = 110
x = 320
y = -20
model = 7
num = 1
waitPrev = false
delay = 6.5
action = run235
- end -

[至上而下特色小飞机、卧L]
pos = 110
x = 320
y = -20
model = 7
num = 1
waitPrev = false
delay = 7
action = run235
- end -

[至上而下特色小飞机、卧L]
pos = 110
x = 380
y = -20
model = 7
num = 1
waitPrev = false
delay = 6.5
action = run235
- end -

[至上而下特色小飞机、卧L]
pos = 110
x = 440
y = -20
model = 7
num = 1
waitPrev = false
delay = 6.5
action = run235
- end -

[左右弧线小飞机左弧线]
pos = 160
x = -33
y = 83
model = 5
num = 3
waitPrev = true
delay = 0.0
action = run5
offX = 0
offY = 0
waitTime = 0.4
- end -

[左右弧线小飞机左弧线、武器升级]
pos = 170
x = -33
y = 83
model = 25
num = 1
waitPrev = false
delay = 1.2
action = run5
- end -

[左右弧线小飞机右弧线]
pos = 190
x = 542
y = 120
model = 7
num = 3
waitPrev = false
delay = 0.0
action = run7
offX = 0
offY = 0
waitTime = 0.4
- end -

[左右弧线小飞机右弧线、武器升级]
pos = 190
x = 542
y = 120
model = 26
num = 1
waitPrev = false
delay = 1.2
action = run7
- end -

[至上而下精英机]
pos = 100
x = 80
y = -40
model = 38
num = 1
waitPrev = true
delay = 0.0
action = run259
- end -

[至上而下精英机]
pos = 100
x = 240
y = -40
model = 38
num = 1
waitPrev = false
delay = 0.0
action = run259
- end -

[至上而下精英机]
pos = 100
x = 400
y = -40
model = 38
num = 1
waitPrev = false
delay = 0.0
action = run259
- end -

[上下左右基础小飞机、左1]
pos = 50
x = -50
y = -10
model = 31
num = 1
waitPrev = true
delay = 0.0
action = run253
- end -

[上下左右基础小飞机、左1]
pos = 50
x = -50
y = 110
model = 31
num = 1
waitPrev = false
delay = 0.0
action = run253
- end -

[上下左右基础小飞机、左2]
pos = 50
x = 30
y = -10
model = 31
num = 1
waitPrev = false
delay = 0.0
action = run254
- end -

[上下左右基础小飞机、左2]
pos = 50
x = 30
y = 110
model = 31
num = 1
waitPrev = false
delay = 0.0
action = run254
- end -

[上下左右基础小飞机、右1]
pos = 50
x = 530
y = -10
model = 31
num = 1
waitPrev = false
delay = 0
action = run255
- end -

[上下左右基础小飞机、右1]
pos = 50
x = 530
y = 110
model = 31
num = 1
waitPrev = false
delay = 0
action = run255
- end -

[上下左右基础小飞机、右2]
pos = 50
x = 450
y = -10
model = 31
num = 1
waitPrev = false
delay = 0
action = run256
- end -

[上下左右基础小飞机、右2]
pos = 50
x = 450
y = 110
model = 31
num = 1
waitPrev = false
delay = 0
action = run256
- end -

[上下左右基础小飞机、中1、武器升级]
pos = 50
x = 200
y = -250
model = 32
num = 1
waitPrev = false
delay = 0
action = run257
- end -

[上下左右基础小飞机、中1、武器升级]
pos = 50
x = 280
y = -250
model = 32
num = 1
waitPrev = false
delay = 0
action = run258
- end -

[上下弧线小飞机]
pos = 390
x = -22
y = 95
model = 19
num = 5
waitPrev = true
delay = 0.0
action = run5
offX = 0
offY = 0
waitTime = 0.5
- end -

[上下弧线小飞机]
pos = 410
x = 547
y = 558
model = 19
num = 5
waitPrev = false
delay = 0.0
action = run16
offX = 0
offY = 0
waitTime = 0.5
- end -

[飞机1]
pos = 630
x = 250
y = -130
model = 260
num = 1
waitPrev = true
delay = 5.0
action = boss14
- end -
