[第一关卡小飞机]
pos = 100
x = 160
y = -37
model = 138
num = 3
waitPrev = false
delay = 0.0
action = run95
offX = 80
offY = 0
waitTime = 0.5
- end -

[第一关卡掉宝小飞机]
pos = 110
x = 430
y = -37
model = 174
num = 1
waitPrev = false
delay = 1.5
action = run95
- end -

[第一关卡小飞机]
pos = 130
x = 430
y = -24
model = 140
num = 3
waitPrev = true
delay = 0.0
action = run95
offX = -80
offY = 0
waitTime = 0.5
- end -

[第一关卡掉宝小飞机]
pos = 140
x = 160
y = -24
model = 175
num = 1
waitPrev = false
delay = 1.5
action = run95
- end -

[左弧线]
pos = 190
x = -33
y = 83
model = 142
num = 3
waitPrev = true
delay = 0.0
action = run97
offX = 0
offY = 0
waitTime = 0.5
- end -

[左弧线掉宝]
pos = 190
x = -33
y = 83
model = 175
num = 1
waitPrev = false
delay = 1.5
action = run97
- end -

[左1]
pos = 50
x = -50
y = -10
model = 541
num = 3
waitPrev = true
delay = 0.0
action = run275
offX = 75
offY = 0
waitTime = 0
- end -

[左1]
pos = 50
x = -50
y = 50
model = 540
num = 3
waitPrev = false
delay = 0.0
action = run250
offX = 75
offY = 0
waitTime = 0
- end -

[左1]
pos = 50
x = -50
y = 110
model = 540
num = 3
waitPrev = false
delay = 0.0
action = run250
offX = 75
offY = 0
waitTime = 0
- end -

[右1]
pos = 50
x = 530
y = -10
model = 541
num = 3
waitPrev = false
delay = 0
action = run276
offX = -75
offY = 0
waitTime = 0
- end -

[右1]
pos = 50
x = 530
y = 50
model = 540
num = 3
waitPrev = false
delay = 0
action = run251
offX = -75
offY = 0
waitTime = 0
- end -

[右1]
pos = 50
x = 530
y = 110
model = 540
num = 3
waitPrev = false
delay = 0
action = run251
offX = -75
offY = 0
waitTime = 0
- end -

[中1]
pos = 50
x = 125
y = -370
model = 539
num = 1
waitPrev = false
delay = 0
action = run252
- end -

[中1]
pos = 50
x = 360
y = -370
model = 539
num = 1
waitPrev = false
delay = 0
action = run252
- end -

[第一关卡小飞机]
pos = 100
x = 160
y = -37
model = 138
num = 3
waitPrev = true
delay = 0.0
action = run95
offX = 80
offY = 0
waitTime = 0.5
- end -

[第一关卡掉宝小飞机]
pos = 110
x = 430
y = -37
model = 174
num = 1
waitPrev = false
delay = 1.5
action = run95
- end -

[第一关卡小飞机]
pos = 130
x = 430
y = -24
model = 140
num = 3
waitPrev = true
delay = 0.0
action = run95
offX = -80
offY = 0
waitTime = 0.5
- end -

[第一关卡掉宝小飞机]
pos = 140
x = 160
y = -24
model = 175
num = 1
waitPrev = false
delay = 1.5
action = run95
- end -

[左弧线添加]
pos = 1200
x = -33
y = 83
model = 142
num = 3
waitPrev = true
delay = 0.0
action = run97
offX = 0
offY = 0
waitTime = 0.5
- end -

[左弧线掉宝添加]
pos = 1200
x = -33
y = 83
model = 174
num = 1
waitPrev = false
delay = 1.5
action = run97
- end -

[右弧线]
pos = 210
x = 542
y = 120
model = 144
num = 4
waitPrev = false
delay = 0.0
action = run98
offX = 0
offY = 0
waitTime = 0.5
- end -

[右弧线掉宝]
pos = 210
x = 542
y = 120
model = 175
num = 1
waitPrev = false
delay = 1.5
action = run98
- end -

[左右穿插特色精英机小飞机组合]
pos = 100
x = -60
y = 100
model = 526
num = 3
waitPrev = true
delay = 0.0
action = run268
offX = -80
offY = 0
waitTime = 0.5
- end -

[左右穿插特色精英机小飞机组合]
pos = 100
x = -60
y = 200
model = 526
num = 3
waitPrev = false
delay = 0.0
action = run268
offX = -80
offY = 0
waitTime = 0.5
- end -

[左右穿插特色精英机小飞机组合]
pos = 100
x = 540
y = 200
model = 526
num = 3
waitPrev = false
delay = 0.0
action = run269
offX = 80
offY = 0
waitTime = 0.5
- end -

[左右穿插特色精英机小飞机组合]
pos = 100
x = 540
y = 100
model = 526
num = 3
waitPrev = false
delay = 0.0
action = run269
offX = 80
offY = 0
waitTime = 0.5
- end -

[左右穿插特色精英机小飞机组合]
pos = 100
x = 80
y = -150
model = 527
num = 1
waitPrev = false
delay = 1.0
action = run272
waitTime = 0
- end -

[左右穿插特色精英机小飞机组合]
pos = 100
x = 240
y = -150
model = 528
num = 1
waitPrev = false
delay = 1.0
action = run272
- end -

[左右穿插特色精英机小飞机组合]
pos = 100
x = 400
y = -150
model = 529
num = 1
waitPrev = false
delay = 1.0
action = run272
- end -

[第一关卡小飞机]
pos = 100
x = 160
y = -37
model = 138
num = 3
waitPrev = true
delay = 0.0
action = run95
offX = 80
offY = 0
waitTime = 0.5
- end -

[第一关卡掉宝小飞机]
pos = 110
x = 430
y = -37
model = 175
num = 1
waitPrev = false
delay = 1.5
action = run95
- end -

[左弧线掉宝添加]
pos = 1800
x = -33
y = 83
model = 175
num = 1
waitPrev = false
delay = 1.5
action = run97
- end -

[左弧线添加]
pos = 2100
x = -33
y = 83
model = 142
num = 3
waitPrev = false
delay = 0.0
action = run97
offX = 0
offY = 0
waitTime = 0.5
- end -

[教学1]
pos = 220
x = 70
y = -30
model = 146
num = 2
waitPrev = true
delay = 0.0
action = run107
offX = 320
offY = 0
waitTime = 0.0
- end -

[教学2]
pos = 220
x = 230
y = -28
model = 147
num = 1
waitPrev = false
delay = 0.0
action = run107
- end -

[左弧线掉宝添加]
pos = 2300
x = -33
y = 83
model = 175
num = 1
waitPrev = false
delay = 1.5
action = run97
- end -

[左弧线添加]
pos = 2300
x = -33
y = 83
model = 142
num = 3
waitPrev = false
delay = 0.0
action = run97
offX = 0
offY = 0
waitTime = 0.5
- end -

[右弧线]
pos = 2600
x = 542
y = 120
model = 144
num = 4
waitPrev = false
delay = 0.0
action = run98
offX = 0
offY = 0
waitTime = 0.5
- end -

[右弧线掉宝]
pos = 2600
x = 542
y = 120
model = 174
num = 1
waitPrev = false
delay = 1.5
action = run98
- end -

[斜出小飞机左]
pos = 320
x = -20
y = -5
model = 148
num = 4
waitPrev = true
delay = 0.0
action = run99
offX = -80
offY = 10
waitTime = 0.5
- end -

[斜出小飞机左掉宝]
pos = 273
x = -340
y = -5
model = 174
num = 1
waitPrev = false
delay = 2.0
action = run99
- end -

[斜出小飞机右]
pos = 340
x = 545
y = -3
model = 150
num = 4
waitPrev = true
delay = 0.0
action = run100
offX = 80
offY = 10
waitTime = 0.5
- end -

[斜出小飞机右掉宝]
pos = 340
x = 875
y = -5
model = 174
num = 1
waitPrev = false
delay = 2.0
action = run100
- end -

[同时出现弧线小]
pos = 700
x = -22
y = 95
model = 156
num = 3
waitPrev = true
delay = 0.0
action = run97
offX = 0
offY = 0
waitTime = 0.5
- end -

[同时出现弧线小拷贝]
pos = 700
x = -22
y = 95
model = 175
num = 1
waitPrev = false
delay = 1.5
action = run97
- end -

[同时出现弧线小]
pos = 700
x = 547
y = 558
model = 156
num = 4
waitPrev = false
delay = 0.0
action = run112
offX = 0
offY = 0
waitTime = 0.5
- end -

[同时出现弧线小拷贝]
pos = 700
x = 547
y = 558
model = 175
num = 1
waitPrev = false
delay = 1.5
action = run112
- end -

[从左往右斜出小飞机，武器升级]
pos = 220
x = -20
y = -5
model = 23
num = 1
waitPrev = false
delay = 3.5
action = run10
- end -

[特色小飞机组合左蓝1]
pos = 50
x = -45
y = -10
model = 531
num = 1
waitPrev = true
delay = 0.0
action = run266
- end -

[特色小飞机组合左蓝1]
pos = 50
x = 35
y = -10
model = 531
num = 1
waitPrev = false
delay = 0.0
action = run266
- end -

[特色小飞机组合右蓝1]
pos = 50
x = 445
y = -70
model = 531
num = 1
waitPrev = false
delay = 0
action = run267
- end -

[特色小飞机组合右蓝1]
pos = 50
x = 525
y = -70
model = 531
num = 1
waitPrev = false
delay = 0
action = run267
- end -

[特色小飞机组合左黄2]
pos = 50
x = -45
y = -70
model = 532
num = 1
waitPrev = false
delay = 0.75
action = run266
- end -

[特色小飞机组合左黄2]
pos = 50
x = 35
y = -70
model = 532
num = 1
waitPrev = false
delay = 0.75
action = run266
- end -

[特色小飞机组合右黄2]
pos = 50
x = 445
y = -10
model = 532
num = 1
waitPrev = false
delay = 0.75
action = run267
- end -

[特色小飞机组合右黄2]
pos = 50
x = 525
y = -10
model = 532
num = 1
waitPrev = false
delay = 0.75
action = run267
- end -

[特色小飞机组合中红3]
pos = 50
x = 200
y = -250
model = 533
num = 1
waitPrev = false
delay = 1
action = run260
- end -

[特色小飞机组合中红3]
pos = 50
x = 280
y = -250
model = 533
num = 1
waitPrev = false
delay = 1
action = run261
- end -

[特色小飞机组合中红4]
pos = 50
x = 200
y = -250
model = 533
num = 1
waitPrev = false
delay = 1.5
action = run262
- end -

[特色小飞机组合中红4]
pos = 50
x = 280
y = -250
model = 533
num = 1
waitPrev = false
delay = 1.5
action = run263
- end -

[特色小飞机组合中红5]
pos = 50
x = 200
y = -250
model = 533
num = 1
waitPrev = false
delay = 2
action = run264
- end -

[特色小飞机组合中红5]
pos = 50
x = 280
y = -250
model = 533
num = 1
waitPrev = false
delay = 2
action = run265
- end -

[飞机15]
pos = 630
x = 250
y = -190
model = 504
num = 1
waitPrev = true
delay = 5.0
action = boss25
- end -
