[·É»ú1]
pos = 0
x = -30
y = 0
model = 412  
num = 4
waitPrev = false
delay = 0.0
action = run114
offX = 0
offY = 0
waitTime = 0.5
- end -

[·É»ú2]
pos = 10
x = 300
y = -20
model = 413
num = 1
waitPrev = true
delay = 0.0
action = run115
- end -

[·É»ú1¿½±´]
pos = 20
x = 550
y = 0
model = 412
num = 3
waitPrev = true
delay = 0.0
action = run116
offX = 0
offY = 0
waitTime = 0.5
- end -

[·É»ú1¿½±´µô±¦]
pos = 20
x = 550
y = 0
model = 426
num = 1
waitPrev = false
delay = 1.5
action = run116
- end -

[·É»ú2¿½±´]
pos = 30
x = 150
y = -20
model = 413
num = 1
waitPrev = true
delay = 0.0
action = run115
- end -

[·É»ú3]
pos = 40
x = 130
y = -30
model = 414
num = 1
waitPrev = true
delay = 0.0
action = run191
- end -

[·É»ú1Ìí¼Ó·É»ú]
pos = 150
x = -30
y = 0
model = 412  
num = 4
waitPrev = false
delay = 0.0
action = run114
offX = 0
offY = 0
waitTime = 0.5
- end -

[·É»ú1¿½±´]
pos = 300
x = 550
y = 0
model = 412
num = 3
waitPrev = false
delay = 0.0
action = run116
offX = 0
offY = 0
waitTime = 0.5
- end -

[·É»ú1Ìí¼Ó·É»ú]
pos = 450
x = -30
y = 0
model = 412  
num = 4
waitPrev = false
delay = 0.0
action = run114
offX = 0
offY = 0
waitTime = 0.5
- end -

[·É»ú1¿½±´]
pos = 600
x = 550
y = 0
model = 412
num = 3
waitPrev = false
delay = 0.0
action = run116
offX = 0
offY = 0
waitTime = 0.5
- end -

[·É»ú3Ìí¼Ó]
pos = 40
x = 280
y = -30
model = 414
num = 1
waitPrev = true
delay = 0.0
action = run191
- end -

[·É»ú1Ìí¼Ó·É»ú]
pos = 750
x = -30
y = 0
model = 412  
num = 4
waitPrev = false
delay = 0.0
action = run114
offX = 0
offY = 0
waitTime = 0.5
- end -

[·É»ú1¿½±´]
pos = 900
x = 550
y = 0
model = 412
num = 3
waitPrev = false
delay = 0.0
action = run116
offX = 0
offY = 0
waitTime = 0.5
- end -

[·É»ú1Ìí¼Ó·É»ú]
pos = 1050
x = -30
y = 0
model = 412  
num = 4
waitPrev = false
delay = 0.0
action = run114
offX = 0
offY = 0
waitTime = 0.5
- end -

[·É»ú1¿½±´]
pos = 1200
x = 550
y = 0
model = 412
num = 3
waitPrev = false
delay = 0.0
action = run116
offX = 0
offY = 0
waitTime = 0.5
- end -

[·É»ú4]
pos = 50
x = -30
y = 250
model = 415
num = 4
waitPrev = true
delay = 0.0
action = run118
offX = 0
offY = 0
waitTime = 0.5
- end -

[·É»ú5]
pos = 50
x = 550
y = 100
model = 416
num = 1
waitPrev = true
delay = 0.0
action = run193
- end -

[·É»ú4¿½±´]
pos = 70
x = 550
y = 250
model = 415
num = 3
waitPrev = true
delay = 0.0
action = run120
offX = 0
offY = 0
waitTime = 0.5
- end -

[·É»ú4¿½±´µô±¦]
pos = 70
x = 550
y = 250
model = 426
num = 1
waitPrev = false
delay = 1.5
action = run120
- end -

[·É»ú5¿½±´]
pos = 70
x = -30
y = 100
model = 416
num = 1
waitPrev = true
delay = 0.0
action = run194
- end -

[·É»ú12]
pos = 140
x = -22
y = 95
model = 419
num = 3
waitPrev = true
delay = 0.0
action = run122
offX = 0
offY = 0
waitTime = 0.5
- end -

[·É»ú12µô±¦]
pos = 140
x = -22
y = 95
model = 426
num = 1
waitPrev = false
delay = 1.5
action = run122
- end -

[·É»ú13]
pos = 140
x = 547
y = 558
model = 419
num = 4
waitPrev = false
delay = 0.0
action = run123
offX = 0
offY = 0
waitTime = 0.5
- end -

[·É»ú13µô±¦]
pos = 140
x = 547
y = 558
model = 426
num = 1
waitPrev = false
delay = 1.5
action = run123
- end -

[·É»ú14]
pos = 150
x = 555
y = 100
model = 420
num = 1
waitPrev = true
delay = 0.0
action = run197
- end -

[·É»ú15]
pos = 150
x = -30
y = 500
model = 420
num = 1
waitPrev = false
delay = 0.0
action = run198
- end -

[·É»ú1Ìí¼Ó·É»ú]
pos = 1500
x = -30
y = 0
model = 412  
num = 4
waitPrev = false
delay = 0.0
action = run114
offX = 0
offY = 0
waitTime = 0.5
- end -

[·É»ú1¿½±´Ìí¼Ó]
pos = 1650
x = 550
y = 0
model = 412
num = 3
waitPrev = false
delay = 0.0
action = run116
offX = 0
offY = 0
waitTime = 0.5
- end -

[·É»ú1Ìí¼Ó·É»ú]
pos = 1800
x = -30
y = 0
model = 412  
num = 4
waitPrev = false
delay = 0.0
action = run114
offX = 0
offY = 0
waitTime = 0.5
- end -

[·É»ú1¿½±´]
pos = 1950
x = 550
y = 0
model = 412
num = 3
waitPrev = false
delay = 0.0
action = run116
offX = 0
offY = 0
waitTime = 0.5
- end -

[·É»ú1Ìí¼Ó·É»ú]
pos = 2100
x = -30
y = 0
model = 412  
num = 4
waitPrev = false
delay = 0.0
action = run114
offX = 0
offY = 0
waitTime = 0.5
- end -

[·É»ú4¿½±´]
pos = 160
x = -30
y = 250
model = 415
num = 3
waitPrev = true
delay = 0.0
action = run118
offX = 0
offY = 0
waitTime = 0.5
- end -

[·É»ú4¿½±´µô±¦]
pos = 160
x = -30
y = 250
model = 426
num = 1
waitPrev = false
delay = 1.5
action = run118
- end -

[·É»ú4¿½±´¿½±´]
pos = 160
x = 550
y = 250
model = 415
num = 3
waitPrev = false
delay = 0.0
action = run120
offX = 0
offY = 0
waitTime = 0.5
- end -

[·É»ú4¿½±´¿½±´µô±¦]
pos = 160
x = 550
y = 250
model = 426
num = 1
waitPrev = false
delay = 1.5
action = run120
- end -

[·É»ú16Ôö¼Ó]
pos = 170
x = 200
y = -30
model = 423
num = 1
waitPrev = false
delay = 0.0
action = run196
- end -

[·É»ú16¿½±´]
pos = 170
x = 100
y = -60
model = 423
num = 2
waitPrev = false
delay = 0.0
action = run196
offX = 200
offY = 0
waitTime = 0.0
- end -

[·É»ú4¿½±´]
pos = 2300
x = -30
y = 250
model = 415
num = 3
waitPrev = false
delay = 0.0
action = run118
offX = 0
offY = 0
waitTime = 0.5
- end -

[·É»ú4¿½±´¿½±´]
pos = 2300
x = 550
y = 250
model = 415
num = 3
waitPrev = false
delay = 0.0
action = run120
offX = 0
offY = 0
waitTime = 0.5
- end -

[·É»ú1¿½±´]
pos = 2450
x = 550
y = 0
model = 412
num = 3
waitPrev = false
delay = 0.0
action = run116
offX = 0
offY = 0
waitTime = 0.5
- end -

[·É»ú1Ìí¼Ó·É»ú]
pos = 2600
x = -30
y = 0
model = 412  
num = 4
waitPrev = false
delay = 0.0
action = run114
offX = 0
offY = 0
waitTime = 0.5
- end -

[·É»ú17]
pos = 180
x = 150
y = -180
model = 421
num = 1
waitPrev = true
delay = 0.0
action = run127
- end -

[·É»ú18]
pos = 190
x = 150
y = -20
model = 421
num = 1
waitPrev = false
delay = 0.0
action = run127
- end -

[·É»ú19]
pos = 200
x = 40
y = -60
model = 421
num = 1
waitPrev = false
delay = 0.0
action = run127
- end -

[·É»ú20]
pos = 210
x = 260
y = -60
model = 421
num = 1
waitPrev = false
delay = 0.0
action = run127
- end -

[·É»ú21]
pos = 220
x = 40
y = -140
model = 421
num = 1
waitPrev = false
delay = 0.0
action = run127
- end -

[·É»ú22]
pos = 230
x = 260
y = -140
model = 421
num = 1
waitPrev = false
delay = 0.0
action = run127
- end -

[·É»ú23]
pos = 240
x = 150
y = -100
model = 421
num = 1
waitPrev = false
delay = 0.0
action = run127
- end -

[·É»ú17¿½±´]
pos = 250
x = 150
y = -180
model = 421
num = 1
waitPrev = true
delay = 0.0
action = run127
- end -

[·É»ú18¿½±´]
pos = 260
x = 150
y = -20
model = 421
num = 1
waitPrev = false
delay = 0.0
action = run127
- end -

[·É»ú19¿½±´]
pos = 270
x = 40
y = -60
model = 421
num = 1
waitPrev = false
delay = 0.0
action = run127
- end -

[·É»ú20¿½±´]
pos = 280
x = 260
y = -60
model = 421
num = 1
waitPrev = false
delay = 0.0
action = run127
- end -

[·É»ú21¿½±´]
pos = 290
x = 40
y = -140
model = 421
num = 1
waitPrev = false
delay = 0.0
action = run127
- end -

[·É»ú22¿½±´]
pos = 300
x = 260
y = -140
model = 421
num = 1
waitPrev = false
delay = 0.0
action = run127
- end -

[·É»ú23¿½±´]
pos = 310
x = 150
y = -100
model = 422
num = 1
waitPrev = false
delay = 0.0
action = run195
- end -

[·É»ú24]
pos = 320
x = 350
y = -180
model = 421
num = 1
waitPrev = true
delay = 0.0
action = run128
- end -

[·É»ú25]
pos = 330
x = 350
y = -20
model = 421
num = 1
waitPrev = false
delay = 0.0
action = run128
- end -

[·É»ú26]
pos = 340
x = 240
y = -60
model = 421
num = 1
waitPrev = false
delay = 0.0
action = run128
- end -

[·É»ú27]
pos = 350
x = 460
y = -60
model = 421
num = 1
waitPrev = false
delay = 0.0
action = run128
- end -

[·É»ú28]
pos = 360
x = 240
y = -140
model = 421
num = 1
waitPrev = false
delay = 0.0
action = run128
- end -

[·É»ú29]
pos = 370
x = 460
y = -140
model = 421
num = 1
waitPrev = false
delay = 0.0
action = run128
- end -

[·É»ú30]
pos = 380
x = 350
y = -100
model = 421
num = 1
waitPrev = false
delay = 0.0
action = run128
- end -

[·É»ú31Ôö¼Ó]
pos = 390
x = 200
y = -40
model = 425
num = 1
waitPrev = true
delay = 0.0
action = run192
- end -

[·É»ú32]
pos = 410
x = 100
y = -80
model = 425
num = 2
waitPrev = false
delay = 0.0
action = run192
offX = 200
offY = 0
waitTime = 0.0
- end -

[·É»ú1Ìí¼Ó·É»ú]
pos = 2900
x = -30
y = 0
model = 412  
num = 4
waitPrev = false
delay = 0.0
action = run114
offX = 0
offY = 0
waitTime = 0.5
- end -

[·É»ú1¿½±´Ìí¼Ó]
pos = 3050
x = 550
y = 0
model = 412
num = 3
waitPrev = false
delay = 0.0
action = run116
offX = 0
offY = 0
waitTime = 0.5
- end -

[·É»ú1Ìí¼Ó·É»ú]
pos = 3200
x = -30
y = 0
model = 412  
num = 4
waitPrev = false
delay = 0.0
action = run114
offX = 0
offY = 0
waitTime = 0.5
- end -

[·É»ú1¿½±´]
pos = 3350
x = 550
y = 0
model = 412
num = 3
waitPrev = false
delay = 0.0
action = run116
offX = 0
offY = 0
waitTime = 0.5
- end -

[·É»ú1Ìí¼Ó·É»ú]
pos = 3500
x = -30
y = 0
model = 412  
num = 4
waitPrev = false
delay = 0.0
action = run114
offX = 0
offY = 0
waitTime = 0.5
- end -

[·É»ú4¿½±´]
pos = 420
x = -30
y = 250
model = 415
num = 3
waitPrev = true
delay = 0.0
action = run118
offX = 0
offY = 0
waitTime = 0.5
- end -

[·É»ú4¿½±´µô±¦]
pos = 420
x = -30
y = 250
model = 415
num = 1
waitPrev = false
delay = 1.5
action = run118
- end -

[·É»ú4¿½±´¿½±´]
pos = 430
x = 550
y = 250
model = 415
num = 3
waitPrev = false
delay = 0.0
action = run120
offX = 0
offY = 0
waitTime = 0.5
- end -

[·É»ú4¿½±´¿½±´µô±¦]
pos = 430
x = 550
y = 250
model = 415
num = 1
waitPrev = false
delay = 1.5
action = run120
- end -

[·É»ú33]
pos = 440
x = 300
y = -170
model = 264
num = 1
waitPrev = true
delay = 5.0
action = boss18
- end -
